// Jest Snapshot v1, https://goo.gl/fbAQLP

exports[`SearchInput test renders snapshot 1`] = `
<input
  className="sc-bczRLJ lcYJBc"
  onChange={[Function]}
  placeholder="Enter Tv Show Title"
/>
`;
