// Jest Snapshot v1, https://goo.gl/fbAQLP

exports[`Label test renders snapshot 1`] = `
<label
  className="sc-bczRLJ ZKYHI"
>
  title text
</label>
`;
