// Jest Snapshot v1, https://goo.gl/fbAQLP

exports[`Title test renders snapshot 1`] = `
<h1
  className="sc-bczRLJ dgaykd"
>
  text
</h1>
`;
