// Jest Snapshot v1, https://goo.gl/fbAQLP

exports[`TitleEpisSeason component renders snapshot 1`] = `
<h1
  className="sc-bczRLJ lgbuAW"
>
  text epis
</h1>
`;
